Microchip MPLAB XC8 Compiler V1.41 ()

Linker command line:

-W-3 --edf=C:\Program Files (x86)\Microchip\xc8\v1.41\dat\en_msgs.txt -cs \
  -h+dist/default/production\65k40Ported.X.production.sym \
  --cmf=dist/default/production\65k40Ported.X.production.cmf -z -Q18LF65K40 \
  -oC:\Users\user\AppData\Local\Temp\s5rs.2 \
  -Mdist/default/production/65k40Ported.X.production.map -E1 -ver=XC8 \
  -ASTACK=06FEh-07ffh -pstack=STACK -ACODE=00h-07FFFh -ACONST=00h-07FFFh \
  -ASMALLCONST=0800h-08FFhx120 -AMEDIUMCONST=0800h-07FFFh -ACOMRAM=01h-05Fh \
  -AABS1=00h-07FFh -ABIGRAM=01h-07FFh -ARAM=060h-0FFh,0100h-01FFhx7 \
  -ABANK0=060h-0FFh -ABANK1=0100h-01FFh -ABANK2=0200h-02FFh \
  -ABANK3=0300h-03FFh -ABANK4=0400h-04FFh -ABANK5=0500h-05FFh \
  -ABANK6=0600h-06FFh -ABANK7=0700h-07FFh \
  -ASFR=0DDEh-0DFFh,0E00h-0EFFh,0F00h-0F5Fh,0F60h-0FFFh \
  -preset_vec=00h,intcode=08h,intcodelo,powerup,init -pramtop=0800h \
  -psmallconst=SMALLCONST -pmediumconst=MEDIUMCONST -pconst=CONST \
  -AFARRAM=00h-00h -ACONFIG=0300000h-030000Bh -pconfig=CONFIG \
  -AIDLOC=0200000h-020000Fh -pidloc=IDLOC -AEEDATA=0310000h-03103FFh \
  -peeprom_data=EEDATA \
  -prdata=COMRAM,nvrram=COMRAM,nvbit=COMRAM,rbss=COMRAM,rbit=COMRAM \
  -pfarbss=FARRAM,fardata=FARRAM,nvFARRAM=FARRAM \
  -pintsave_regs=BIGRAM,bigbss=BIGRAM,bigdata=BIGRAM -pbss=RAM \
  -pidata=CODE,irdata=CODE,ibigdata=CODE,ifardata=CODE -prparam=COMRAM \
  C:\Users\user\AppData\Local\Temp\s5rs.obj \
  dist/default/production\65k40Ported.X.production.obj 

Object code version is 3.11

Machine type is 18LF65K40

Call graph: (short form)




                Name                               Link     Load   Length Selector   Space Scale
C:\Users\user\AppData\Local\Temp\s5rs.obj
                stack                               6FE      6FE      102      6FE       2
                init                                 8E       8E        8        4       0
                reset_vec                             0        0        4        0       0
                idloc                            200000   200000       10   200000       0
                config                           300000   300000        C   300000       0
dist/default/production\65k40Ported.X.production.obj
                intcode                               8        8       86        4       0
                temp                                 48       48        C        1       1
                mediumconst                        7E6C     7E6C      194     3F36       0
                text219                            6270     6270        2        4       0
                text218                            625C     625C        4        4       0
                text217                            5EF6     5EF6       1C        4       0
                text216                            6232     6232        6        4       0
                text215                            626E     626E        2        4       0
                text214                            6258     6258        4        4       0
                text213                            5EBC     5EBC       1E        4       0
                text212                            622C     622C        6        4       0
                text211                            626C     626C        2        4       0
                text210                            5E9E     5E9E       1E        4       0
                text209                            6226     6226        6        4       0
                text208                            626A     626A        2        4       0
                text207                            6254     6254        4        4       0
                text206                            5CEE     5CEE       26        4       0
                text205                            61FA     61FA        8        4       0
                text204                            5E24     5E24       20        4       0
                text203                            3840     3840       D8        4       0
                text202                            4120     4120       AC        4       0
                text201                            5FEE     5FEE       18        4       0
                text200                            563E     563E       42        4       0
                text199                            5276     5276       50        4       0
                text198                            6268     6268        2        4       0
                text197                            5E80     5E80       1E        4       0
                text196                            5D5C     5D5C       24        4       0
                text194                            56FC     56FC       3E        4       0
                text193                            5224     5224       52        4       0
                text192                            5128     5128       56        4       0
                text191                            5BDE     5BDE       2A        4       0
                text190                            4F0C     4F0C       5E        4       0
                text189                            57B0     57B0       3A        4       0
                text188                            5822     5822       38        4       0
                text187                            5E04     5E04       20        4       0
                text186                            41CC     41CC       AA        4       0
                text185                            3E64     3E64       B4        4       0
                text184                            5FD6     5FD6       18        4       0
                text183                            58C6     58C6       36        4       0
                text182                            4948     4948       78        4       0
                text181                            4B88     4B88       6A        4       0
                text180                            60D0     60D0       12        4       0
                text179                            4A36     4A36       76        4       0
                text178                            544A     544A       4C        4       0
                text177                            3128     3128      100        4       0
                text176                            6250     6250        4        4       0
                text175                            624C     624C        4        4       0
                text174                            6086     6086       14        4       0
                text173                            5B88     5B88       2C        4       0
                text172                            5A7E     5A7E       2E        4       0
                text171                            6248     6248        4        4       0
                text170                            6244     6244        4        4       0
                text169                            60BE     60BE       12        4       0
                text168                            61B8     61B8        A        4       0
                text167                            5E62     5E62       1E        4       0
                text166                            4E4C     4E4C       62        4       0
                text165                            3768     3768       D8        4       0
                text164                            6220     6220        6        4       0
                text163                            5CC8     5CC8       26        4       0
                text162                            35B6     35B6       DA        4       0
                text161                            5B5C     5B5C       2C        4       0
                text160                            2326     2326      198        4       0
                text159                            61AE     61AE        A        4       0
                text158                            53B0     53B0       4E        4       0
                text157                            4B1E     4B1E       6A        4       0
                text156                            27BA     27BA      16A        4       0
                text155                            48D0     48D0       78        4       0
                text154                            4074     4074       AC        4       0
                text153                            6100     6100        E        4       0
                text152                            53FE     53FE       4C        4       0
                text151                            2CDC     2CDC      11E        4       0
                text150                            39E4     39E4       CA        4       0
                text149                            1954     1954      230        4       0
                text148                            5CA2     5CA2       26        4       0
                text147                            54E0     54E0       4A        4       0
                text146                            33F8     33F8       E2        4       0
                text145                            11A4     11A4      2D8        4       0
                text144                            5572     5572       46        4       0
                text143                            56BE     56BE       3E        4       0
                text142                            5362     5362       4E        4       0
                text141                            5DA2     5DA2       22        4       0
                text140                            2DFA     2DFA      11A        4       0
                text139                            4DEA     4DEA       62        4       0
                text138                            4EAE     4EAE       5E        4       0
                text137                            3918     3918       CC        4       0
                text136                             D72      D72      432        4       0
                text135                            1D9C     1D9C      1E8        4       0
                text134                            61F2     61F2        8        4       0
                text133                            47D6     47D6       82        4       0
                text132                            5B30     5B30       2C        4       0
                text131                            61A4     61A4        A        4       0
                text130                            61EA     61EA        8        4       0
                text129                            61E2     61E2        8        4       0
                text128                            49C0     49C0       76        4       0
                text127                            619A     619A        A        4       0
                text126                            6190     6190        A        4       0
                text125                            61DA     61DA        8        4       0
                text124                            55FC     55FC       42        4       0
                text123                            3F18     3F18       B0        4       0
                text122                            4D88     4D88       62        4       0
                text121                            5F2C     5F2C       1A        4       0
                text120                            4640     4640       8C        4       0
                text119                            60F2     60F2        E        4       0
                text118                            5C7C     5C7C       26        4       0
                text117                            2168     2168      1BE        4       0
                text116                            5FBE     5FBE       18        4       0
                text115                            621A     621A        6        4       0
                text114                            60E2     60E2       10        4       0
                text113                            6186     6186        A        4       0
                text112                            6266     6266        2        4       0
                text111                            4D26     4D26       62        4       0
                text110                            6214     6214        6        4       0
                text109                            6048     6048       16        4       0
                text108                            5930     5930       34        4       0
                text107                             8BC      8BC      4B6        4       0
                text106                            3228     3228       EA        4       0
                text105                            5496     5496       4A        4       0
                text104                            507A     507A       58        4       0
                text103                            4FC6     4FC6       5C        4       0
                text102                            4C5A     4C5A       68        4       0
                text101                            5680     5680       3E        4       0
                text100                            4858     4858       78        4       0
                text99                             431E     431E       A4        4       0
                text98                             2BBA     2BBA      122        4       0
                text97                             46CC     46CC       86        4       0
                text96                             620E     620E        6        4       0
                text95                             1F84     1F84      1E4        4       0
                text94                             147C     147C      2A4        4       0
                text93                             57EA     57EA       38        4       0
                text92                             3CF6     3CF6       B8        4       0
                text91                             617C     617C        A        4       0
                text90                             5314     5314       4E        4       0
                text89                             3AAE     3AAE       C8        4       0
                text88                             5022     5022       58        4       0
                text87                             6032     6032       16        4       0
                text86                             61D2     61D2        8        4       0
                text85                             61CA     61CA        8        4       0
                text84                             5A50     5A50       2E        4       0
                text83                             5FA6     5FA6       18        4       0
                text82                             6072     6072       14        4       0
                text81                             5D80     5D80       22        4       0
                text80                             2A7A     2A7A      140        4       0
                text79                             5B04     5B04       2C        4       0
                text78                             5E44     5E44       1E        4       0
                text77                             5A22     5A22       2E        4       0
                text76                             4276     4276       A8        4       0
                text75                             5AD8     5AD8       2C        4       0
                text74                             5C56     5C56       26        4       0
                text73                             58FC     58FC       34        4       0
                text72                             4F6A     4F6A       5C        4       0
                text71                             2646     2646      174        4       0
                text70                             601C     601C       16        4       0
                text69                             605E     605E       14        4       0
                text68                             3022     3022      106        4       0
                text67                             5C30     5C30       26        4       0
                text66                             5890     5890       36        4       0
                text65                             5D38     5D38       24        4       0
                text64                             24BE     24BE      188        4       0
                text63                             6208     6208        6        4       0
                text62                             5BB4     5BB4       2A        4       0
                text61                             4CC2     4CC2       64        4       0
                text60                             34DA     34DA       DC        4       0
                text59                             2924     2924      156        4       0
                text58                             5F12     5F12       1A        4       0
                text57                             517E     517E       54        4       0
                text56                               96       96      826        4       0
                text55                             1720     1720      234        4       0
                text54                             45A2     45A2       9E        4       0
                text53                             51D2     51D2       52        4       0
                text52                             3DAE     3DAE       B6        4       0
                text51                             4504     4504       9E        4       0
                text50                             5DE4     5DE4       20        4       0
                text49                             4BF2     4BF2       68        4       0
                text48                             59F4     59F4       2E        4       0
                text47                             5AAC     5AAC       2C        4       0
                text46                             5776     5776       3A        4       0
                text45                             552A     552A       48        4       0
                text44                             5F8E     5F8E       18        4       0
                text43                             5F76     5F76       18        4       0
                text42                             5F5E     5F5E       18        4       0
                text41                             60AC     60AC       12        4       0
                text40                             4AAC     4AAC       72        4       0
                text39                             3FC8     3FC8       AC        4       0
                text38                             4464     4464       A0        4       0
                text37                             2F14     2F14      10E        4       0
                text36                             3312     3312       E6        4       0
                text35                             6006     6006       16        4       0
                text34                             3B76     3B76       C6        4       0
                text33                             1B84     1B84      218        4       0
                text32                             5964     5964       32        4       0
                text31                             585A     585A       36        4       0
                text30                             4752     4752       84        4       0
                text29                             573A     573A       3C        4       0
                text28                             59C6     59C6       2E        4       0
                text27                             5F46     5F46       18        4       0
                text26                             5C08     5C08       28        4       0
                text25                             6264     6264        2        4       0
                text24                             6172     6172        A        4       0
                text23                             6168     6168        A        4       0
                text22                             615E     615E        A        4       0
                text21                             50D2     50D2       56        4       0
                text20                             6240     6240        4        4       0
                text19                             6202     6202        6        4       0
                text18                             613E     613E        C        4       0
                text17                             6154     6154        A        4       0
                text16                             6132     6132        C        4       0
                text15                             6262     6262        2        4       0
                text14                             6260     6260        2        4       0
                text13                             6126     6126        C        4       0
                text12                             623C     623C        4        4       0
                text11                             614A     614A        A        4       0
                text10                             611A     611A        C        4       0
                text9                              5DC4     5DC4       20        4       0
                text8                              609A     609A       12        4       0
                text7                              3690     3690       D8        4       0
                text6                              610E     610E        C        4       0
                text5                              6238     6238        4        4       0
                text4                              55B8     55B8       44        4       0
                text3                              5EDA     5EDA       1C        4       0
                text2                              52C6     52C6       4E        4       0
                text1                              5D14     5D14       24        4       0
                text0                              3C3C     3C3C       BA        4       0
                cstackCOMRAM                          1        1       2F        1       1
                cstackBANK0                          60       60       9D       60       1
                cstackBANK1                         100      100       79      100       1
                bssBIGRAM                           4E0      4E0      21E      4E0       1
                bssBANK4                            400      400       E0      400       1
                bssBANK3                            300      300       A0      300       1
                bssBANK2                            200      200       F5      200       1
                dataBANK1                           1C7      1C7       30      100       1
                bssBANK1                            179      179       4E      100       1
                bssBANK0                             FD       FD        3       60       1
                dataCOMRAM                           54       54        8        1       1
                bssCOMRAM                            30       30       18        1       1
                cinit                              43C2     43C2       A2        4       0
                nvBANK1                             1F7      1F7        8      100       1
                nvCOMRAM                             5C       5C        4        1       1
                idataBANK1                         5996     5996       30        4       0
                idataCOMRAM                        61C2     61C2        8        4       0

TOTAL           Name                               Link     Load   Length     Space
        CLASS   STACK          
                stack                               6FE      6FE      102         2

        CLASS   CODE           
                intcode                               8        8       86         0
                init                                 8E       8E        8         0
                reset_vec                             0        0        4         0
                text219                            6270     6270        2         0
                text218                            625C     625C        4         0
                text217                            5EF6     5EF6       1C         0
                text216                            6232     6232        6         0
                text215                            626E     626E        2         0
                text214                            6258     6258        4         0
                text213                            5EBC     5EBC       1E         0
                text212                            622C     622C        6         0
                text211                            626C     626C        2         0
                text210                            5E9E     5E9E       1E         0
                text209                            6226     6226        6         0
                text208                            626A     626A        2         0
                text207                            6254     6254        4         0
                text206                            5CEE     5CEE       26         0
                text205                            61FA     61FA        8         0
                text204                            5E24     5E24       20         0
                text203                            3840     3840       D8         0
                text202                            4120     4120       AC         0
                text201                            5FEE     5FEE       18         0
                text200                            563E     563E       42         0
                text199                            5276     5276       50         0
                text198                            6268     6268        2         0
                text197                            5E80     5E80       1E         0
                text196                            5D5C     5D5C       24         0
                text194                            56FC     56FC       3E         0
                text193                            5224     5224       52         0
                text192                            5128     5128       56         0
                text191                            5BDE     5BDE       2A         0
                text190                            4F0C     4F0C       5E         0
                text189                            57B0     57B0       3A         0
                text188                            5822     5822       38         0
                text187                            5E04     5E04       20         0
                text186                            41CC     41CC       AA         0
                text185                            3E64     3E64       B4         0
                text184                            5FD6     5FD6       18         0
                text183                            58C6     58C6       36         0
                text182                            4948     4948       78         0
                text181                            4B88     4B88       6A         0
                text180                            60D0     60D0       12         0
                text179                            4A36     4A36       76         0
                text178                            544A     544A       4C         0
                text177                            3128     3128      100         0
                text176                            6250     6250        4         0
                text175                            624C     624C        4         0
                text174                            6086     6086       14         0
                text173                            5B88     5B88       2C         0
                text172                            5A7E     5A7E       2E         0
                text171                            6248     6248        4         0
                text170                            6244     6244        4         0
                text169                            60BE     60BE       12         0
                text168                            61B8     61B8        A         0
                text167                            5E62     5E62       1E         0
                text166                            4E4C     4E4C       62         0
                text165                            3768     3768       D8         0
                text164                            6220     6220        6         0
                text163                            5CC8     5CC8       26         0
                text162                            35B6     35B6       DA         0
                text161                            5B5C     5B5C       2C         0
                text160                            2326     2326      198         0
                text159                            61AE     61AE        A         0
                text158                            53B0     53B0       4E         0
                text157                            4B1E     4B1E       6A         0
                text156                            27BA     27BA      16A         0
                text155                            48D0     48D0       78         0
                text154                            4074     4074       AC         0
                text153                            6100     6100        E         0
                text152                            53FE     53FE       4C         0
                text151                            2CDC     2CDC      11E         0
                text150                            39E4     39E4       CA         0
                text149                            1954     1954      230         0
                text148                            5CA2     5CA2       26         0
                text147                            54E0     54E0       4A         0
                text146                            33F8     33F8       E2         0
                text145                            11A4     11A4      2D8         0
                text144                            5572     5572       46         0
                text143                            56BE     56BE       3E         0
                text142                            5362     5362       4E         0
                text141                            5DA2     5DA2       22         0
                text140                            2DFA     2DFA      11A         0
                text139                            4DEA     4DEA       62         0
                text138                            4EAE     4EAE       5E         0
                text137                            3918     3918       CC         0
                text136                             D72      D72      432         0
                text135                            1D9C     1D9C      1E8         0
                text134                            61F2     61F2        8         0
                text133                            47D6     47D6       82         0
                text132                            5B30     5B30       2C         0
                text131                            61A4     61A4        A         0
                text130                            61EA     61EA        8         0
                text129                            61E2     61E2        8         0
                text128                            49C0     49C0       76         0
                text127                            619A     619A        A         0
                text126                            6190     6190        A         0
                text125                            61DA     61DA        8         0
                text124                            55FC     55FC       42         0
                text123                            3F18     3F18       B0         0
                text122                            4D88     4D88       62         0
                text121                            5F2C     5F2C       1A         0
                text120                            4640     4640       8C         0
                text119                            60F2     60F2        E         0
                text118                            5C7C     5C7C       26         0
                text117                            2168     2168      1BE         0
                text116                            5FBE     5FBE       18         0
                text115                            621A     621A        6         0
                text114                            60E2     60E2       10         0
                text113                            6186     6186        A         0
                text112                            6266     6266        2         0
                text111                            4D26     4D26       62         0
                text110                            6214     6214        6         0
                text109                            6048     6048       16         0
                text108                            5930     5930       34         0
                text107                             8BC      8BC      4B6         0
                text106                            3228     3228       EA         0
                text105                            5496     5496       4A         0
                text104                            507A     507A       58         0
                text103                            4FC6     4FC6       5C         0
                text102                            4C5A     4C5A       68         0
                text101                            5680     5680       3E         0
                text100                            4858     4858       78         0
                text99                             431E     431E       A4         0
                text98                             2BBA     2BBA      122         0
                text97                             46CC     46CC       86         0
                text96                             620E     620E        6         0
                text95                             1F84     1F84      1E4         0
                text94                             147C     147C      2A4         0
                text93                             57EA     57EA       38         0
                text92                             3CF6     3CF6       B8         0
                text91                             617C     617C        A         0
                text90                             5314     5314       4E         0
                text89                             3AAE     3AAE       C8         0
                text88                             5022     5022       58         0
                text87                             6032     6032       16         0
                text86                             61D2     61D2        8         0
                text85                             61CA     61CA        8         0
                text84                             5A50     5A50       2E         0
                text83                             5FA6     5FA6       18         0
                text82                             6072     6072       14         0
                text81                             5D80     5D80       22         0
                text80                             2A7A     2A7A      140         0
                text79                             5B04     5B04       2C         0
                text78                             5E44     5E44       1E         0
                text77                             5A22     5A22       2E         0
                text76                             4276     4276       A8         0
                text75                             5AD8     5AD8       2C         0
                text74                             5C56     5C56       26         0
                text73                             58FC     58FC       34         0
                text72                             4F6A     4F6A       5C         0
                text71                             2646     2646      174         0
                text70                             601C     601C       16         0
                text69                             605E     605E       14         0
                text68                             3022     3022      106         0
                text67                             5C30     5C30       26         0
                text66                             5890     5890       36         0
                text65                             5D38     5D38       24         0
                text64                             24BE     24BE      188         0
                text63                             6208     6208        6         0
                text62                             5BB4     5BB4       2A         0
                text61                             4CC2     4CC2       64         0
                text60                             34DA     34DA       DC         0
                text59                             2924     2924      156         0
                text58                             5F12     5F12       1A         0
                text57                             517E     517E       54         0
                text56                               96       96      826         0
                text55                             1720     1720      234         0
                text54                             45A2     45A2       9E         0
                text53                             51D2     51D2       52         0
                text52                             3DAE     3DAE       B6         0
                text51                             4504     4504       9E         0
                text50                             5DE4     5DE4       20         0
                text49                             4BF2     4BF2       68         0
                text48                             59F4     59F4       2E         0
                text47                             5AAC     5AAC       2C         0
                text46                             5776     5776       3A         0
                text45                             552A     552A       48         0
                text44                             5F8E     5F8E       18         0
                text43                             5F76     5F76       18         0
                text42                             5F5E     5F5E       18         0
                text41                             60AC     60AC       12         0
                text40                             4AAC     4AAC       72         0
                text39                             3FC8     3FC8       AC         0
                text38                             4464     4464       A0         0
                text37                             2F14     2F14      10E         0
                text36                             3312     3312       E6         0
                text35                             6006     6006       16         0
                text34                             3B76     3B76       C6         0
                text33                             1B84     1B84      218         0
                text32                             5964     5964       32         0
                text31                             585A     585A       36         0
                text30                             4752     4752       84         0
                text29                             573A     573A       3C         0
                text28                             59C6     59C6       2E         0
                text27                             5F46     5F46       18         0
                text26                             5C08     5C08       28         0
                text25                             6264     6264        2         0
                text24                             6172     6172        A         0
                text23                             6168     6168        A         0
                text22                             615E     615E        A         0
                text21                             50D2     50D2       56         0
                text20                             6240     6240        4         0
                text19                             6202     6202        6         0
                text18                             613E     613E        C         0
                text17                             6154     6154        A         0
                text16                             6132     6132        C         0
                text15                             6262     6262        2         0
                text14                             6260     6260        2         0
                text13                             6126     6126        C         0
                text12                             623C     623C        4         0
                text11                             614A     614A        A         0
                text10                             611A     611A        C         0
                text9                              5DC4     5DC4       20         0
                text8                              609A     609A       12         0
                text7                              3690     3690       D8         0
                text6                              610E     610E        C         0
                text5                              6238     6238        4         0
                text4                              55B8     55B8       44         0
                text3                              5EDA     5EDA       1C         0
                text2                              52C6     52C6       4E         0
                text1                              5D14     5D14       24         0
                text0                              3C3C     3C3C       BA         0
                cinit                              43C2     43C2       A2         0
                idataBANK1                         5996     5996       30         0
                idataCOMRAM                        61C2     61C2        8         0

        CLASS   CONST          

        CLASS   SMALLCONST     

        CLASS   MEDIUMCONST    
                mediumconst                        7E6C     7E6C      194         0

        CLASS   COMRAM         
                temp                                 48       48        C         1
                cstackCOMRAM                          1        1       2F         1
                dataCOMRAM                           54       54        8         1
                bssCOMRAM                            30       30       18         1
                nvCOMRAM                             5C       5C        4         1

        CLASS   ABS1           

        CLASS   BIGRAM         
                bssBIGRAM                           4E0      4E0      21E         1

        CLASS   RAM            

        CLASS   BANK0          
                cstackBANK0                          60       60       9D         1
                bssBANK0                             FD       FD        3         1

        CLASS   BANK1          
                cstackBANK1                         100      100       79         1
                dataBANK1                           1C7      1C7       30         1
                bssBANK1                            179      179       4E         1
                nvBANK1                             1F7      1F7        8         1

        CLASS   BANK2          
                bssBANK2                            200      200       F5         1

        CLASS   BANK3          
                bssBANK3                            300      300       A0         1

        CLASS   BANK4          
                bssBANK4                            400      400       E0         1

        CLASS   BANK5          

        CLASS   BANK6          

        CLASS   BANK7          

        CLASS   SFR            

        CLASS   FARRAM         

        CLASS   CONFIG         
                config                           300000   300000        C         0

        CLASS   IDLOC          
                idloc                            200000   200000       10         0

        CLASS   EEDATA         



SEGMENTS        Name                           Load    Length   Top    Selector   Space  Class

                reset_vec                      000000  000004  000004         0       0  CODE    
                cstackCOMRAM                   000001  00005F  000060         1       1  COMRAM  
                intcode                        000008  00626A  006272         4       0  CODE    
                cstackBANK0                    000060  0000A0  000100        60       1  BANK0   
                cstackBANK1                    000100  0000FF  0001FF       100       1  BANK1   
                bssBANK2                       000200  0000F5  0002F5       200       1  BANK2   
                bssBANK3                       000300  0000A0  0003A0       300       1  BANK3   
                bssBANK4                       000400  0000E0  0004E0       400       1  BANK4   
                bssBIGRAM                      0004E0  00021E  0006FE       4E0       1  BIGRAM  
                stack                          0006FE  000102  000800       6FE       2  STACK   
                mediumconst                    007E6C  000194  008000      3F36       0  MEDIUMCO
                idloc                          200000  000010  200010    200000       0  IDLOC   
                config                         300000  00000C  30000C    300000       0  CONFIG  


UNUSED ADDRESS RANGES

        Name                Unused          Largest block    Delta
        BANK1            0001FF-0001FF                1
        BANK2            0002F5-0002FF                B
        BANK3            0003A0-0003FF               60
        BANK6            0006FE-0006FF                2
        BANK7            000700-0007FF              100
        BIGRAM           0001FF-0001FF                1
                         0002F5-0002FF                B
                         0003A0-0003FF               60
                         0006FE-0007FF              102
        CODE             000004-000007                4
                         006272-007E6B             1BFA
        CONST            000004-000007                4
                         006272-007E6B             1BFA
        EEDATA           310000-3103FF              400
        MEDIUMCONST      006272-007E6B             1BFA
        RAM              0001FF-0001FF                1
                         0002F5-0002FF                B
                         0003A0-0003FF               60
                         0006FE-0007FF                2
        SFR              000DDE-000FFF              100
        SMALLCONST       006272-007E6B              100

                                  Symbol Table

?_ComputeMic                                              cstackBANK1  000166
?_ExecuteDevStatus                                        cstackBANK0  000060
?_ExecuteDutyCycle                                        cstackBANK0  000060
?_ExecuteLinkAdr                                          cstackBANK0  00006D
?_ExecuteLinkCheck                                        cstackBANK0  000060
?_ExecuteNewChannel                                       cstackBANK0  00009C
?_ExecuteRxParamSetupReq                                  cstackBANK0  00009C
?_ExecuteRxTimingSetup                                    cstackBANK0  000067
?_ExtractMic                                              cstackBANK0  00006A
?_GetRx1Freq                                              cstackBANK0  000060
?_MacExecuteCommands                                      cstackBANK0  0000A4
?_RADIO_ReadRandom                                        cstackBANK0  00006C
?_RADIO_ReceiveStart                                      cstackBANK0  0000A6
?_RADIO_Transmit                                          cstackBANK0  0000A6
?_Random                                                  cstackBANK0  0000A3
?_SwTimerReadValue                                        cstackBANK0  000087
?_SwTimersInterrupt                                       cstackBANK0  000076
?_TMR1_ReadTimer                                          cstackBANK0  000060
?_TMR_GetDeltaTime                                        cstackBANK0  000066
?_TMR_SwapTimer                                           cstackBANK0  000066
?___lldiv                                                 cstackBANK0  000060
?___llmod                                                 cstackBANK0  000060
?___lmul                                                  cstackBANK0  000090
?___lwmod                                                 cstackBANK0  00009E
?___wmul                                                  cstackBANK0  000060
?_rand                                                    cstackBANK0  00009C
?i2_SwTimersInterrupt                                     cstackCOMRAM 000017
?i2_TMR1_ReadTimer                                        cstackCOMRAM 000001
?i2_TMR_GetDeltaTime                                      cstackCOMRAM 000007
?i2_TMR_SwapTimer                                         cstackCOMRAM 000007
AESCmac@flag                                              cstackBANK1  000162
AESCmac@i                                                 cstackBANK1  000165
AESCmac@input                                             cstackBANK0  0000CC
AESCmac@j                                                 cstackBANK1  000164
AESCmac@k1                                                cstackBANK1  000110
AESCmac@k2                                                cstackBANK1  000100
AESCmac@key                                               cstackBANK0  0000C8
AESCmac@mLast                                             cstackBANK1  000120
AESCmac@n                                                 cstackBANK1  000163
AESCmac@output                                            cstackBANK0  0000CA
AESCmac@padded                                            cstackBANK1  000130
AESCmac@ptr                                               cstackBANK1  000160
AESCmac@size                                              cstackBANK0  0000CE
AESCmac@x                                                 cstackBANK1  000150
AESCmac@y                                                 cstackBANK1  000140
AESEncode@aux                                             cstackBANK0  000087
AESEncode@aux1                                            cstackBANK0  000089
AESEncode@aux2                                            cstackBANK0  000088
AESEncode@aux3                                            cstackBANK0  00008A
AESEncode@block                                           cstackBANK0  000066
AESEncode@i                                               cstackBANK0  00008B
AESEncode@key                                             cstackBANK0  000071
AESEncode@masterKey                                       cstackBANK0  000068
AESEncodeLoRa@block                                       cstackBANK0  00008C
AESEncodeLoRa@key                                         cstackBANK0  00008E
AESEncodeLoRa@useKey                                      cstackBANK0  000090
AssembleEncryptionBlock@blockId                           cstackBANK0  00006E
AssembleEncryptionBlock@bufferIndex                       cstackBANK0  000072
AssembleEncryptionBlock@dir                               cstackBANK0  000071
AssembleEncryptionBlock@firstByte                         cstackBANK0  00006F
AssembleEncryptionBlock@frameCounter                      cstackBANK0  00006A
AssembleEncryptionBlock@multicastStatus                   cstackBANK0  000070
AssemblePacket@buffer                                     cstackBANK1  000167
AssemblePacket@bufferIndex                                cstackBANK0  0000DC
AssemblePacket@bufferLength                               cstackBANK1  000169
AssemblePacket@confirmed                                  cstackBANK0  0000D8
AssemblePacket@fCtrl                                      cstackBANK0  0000DA
AssemblePacket@macCmdIdx                                  cstackBANK0  0000DB
AssemblePacket@mhdr                                       cstackBANK0  0000D9
AssemblePacket@port                                       cstackBANK1  000166
CheckFlags@hdr                                            cstackBANK0  000060
CheckMcastFlags@hdr                                       cstackBANK0  000060
ComputeMic@buffer                                         cstackBANK1  000168
ComputeMic@bufferLength                                   cstackBANK1  00016A
ComputeMic@key                                            cstackBANK1  000166
ComputeMic@mic                                            cstackBANK0  0000D6
ComputeSessionKeys@joinAcceptBuffer                       cstackBANK0  0000A0
ConfigureRadio@dataRate                                   cstackBANK0  000071
ConfigureRadio@freq                                       cstackBANK0  00006D
ConfigureRadioRx@dataRate                                 cstackBANK0  000076
ConfigureRadioRx@freq                                     cstackBANK0  000072
ConfigureRadioTx@dataRate                                 cstackBANK0  000076
ConfigureRadioTx@freq                                     cstackBANK0  000072
ConfigureRadioTx@txPower                                  cstackBANK0  000077
CountfOptsLength@i                                        cstackBANK0  000067
CountfOptsLength@macCommandLength                         cstackBANK0  000066
EnableChannels1@channelIndexMax                           cstackBANK0  000068
EnableChannels1@channelIndexMin                           cstackBANK0  000067
EnableChannels1@channelMask                               cstackBANK0  000064
EnableChannels1@channelMaskCntl                           cstackBANK0  000066
EnableChannels1@i                                         cstackBANK0  000069
EnableChannels@channelMask                                cstackBANK0  00006A
EnableChannels@channelMaskCntl                            cstackBANK0  00006C
EncKeySchedule@key                                        cstackBANK0  000060
EncodeShiftRow@stateTable                                 cstackBANK0  000060
EncodeShiftRow@temp                                       cstackBANK0  000062
EncryptFRMPayload@buffer                                  cstackBANK0  0000A0
EncryptFRMPayload@bufferLength                            cstackBANK0  0000A2
EncryptFRMPayload@bufferToBeEncrypted                     cstackBANK0  0000AB
EncryptFRMPayload@dir                                     cstackBANK0  0000A3
EncryptFRMPayload@frameCounter                            cstackBANK0  0000A4
EncryptFRMPayload@i                                       cstackBANK0  0000B4
EncryptFRMPayload@j                                       cstackBANK0  0000B5
EncryptFRMPayload@k                                       cstackBANK0  0000B3
EncryptFRMPayload@key                                     cstackBANK0  0000A8
EncryptFRMPayload@macBufferIndex                          cstackBANK0  0000AA
EncryptFRMPayload@multicastStatus                         cstackBANK0  0000AD
ExecuteDevStatus@ptr                                      cstackBANK0  000060
ExecuteDutyCycle@maxDCycle                                cstackBANK0  000065
ExecuteDutyCycle@ptr                                      cstackBANK0  000060
ExecuteLinkAdr@channelMask                                cstackBANK0  000070
ExecuteLinkAdr@dataRate                                   cstackBANK0  000075
ExecuteLinkAdr@ptr                                        cstackBANK0  00006D
ExecuteLinkAdr@redundancy                                 cstackBANK0  000073
ExecuteLinkAdr@txPower                                    cstackBANK0  000072
ExecuteLinkCheck@ptr                                      cstackBANK0  000060
ExecuteNewChannel@channelIndex                            cstackBANK0  0000A3
ExecuteNewChannel@drRange                                 cstackBANK0  00009E
ExecuteNewChannel@frequency                               cstackBANK0  00009F
ExecuteNewChannel@ptr                                     cstackBANK0  00009C
ExecuteRxParamSetupReq@dlSettings                         cstackBANK0  0000A2
ExecuteRxParamSetupReq@frequency                          cstackBANK0  00009E
ExecuteRxParamSetupReq@ptr                                cstackBANK0  00009C
ExecuteRxTimingSetup@delay                                cstackBANK0  000069
ExecuteRxTimingSetup@ptr                                  cstackBANK0  000067
ExtractMic@buffer                                         cstackBANK0  00006A
ExtractMic@bufferLength                                   cstackBANK0  00006C
ExtractMic@mic                                            cstackBANK0  000070
FillSubKey@carry                                          cstackBANK0  000066
FillSubKey@i                                              cstackBANK0  000067
FillSubKey@key                                            cstackBANK0  000062
FillSubKey@size                                           cstackBANK0  000064
FillSubKey@source                                         cstackBANK0  000060
FindSmallestDataRate@dataRate                             cstackBANK0  000063
FindSmallestDataRate@found                                cstackBANK0  000061
FindSmallestDataRate@i                                    cstackBANK0  000062
GenerateSubkey@F17267                                     dataBANK1    0001C7
GenerateSubkey@const_Rb                                   cstackBANK0  0000A7
GenerateSubkey@i                                          cstackBANK0  0000C7
GenerateSubkey@k1                                         cstackBANK0  0000A2
GenerateSubkey@k2                                         cstackBANK0  0000A4
GenerateSubkey@key                                        cstackBANK0  0000A0
GenerateSubkey@l                                          cstackBANK0  0000B7
HALResetPinOutputValue@value                              cstackBANK0  000060
HALSPISend@data                                           cstackBANK0  000061
INT0_SetInterruptHandler@InterruptHandler                 cstackBANK0  000060
INT1_SetInterruptHandler@InterruptHandler                 cstackBANK0  000060
INT2_SetInterruptHandler@InterruptHandler                 cstackBANK0  000060
INT3_SetInterruptHandler@InterruptHandler                 cstackBANK0  000060
INTERRUPT_GetDioStatus@a                                  cstackBANK0  000060
IOCBF4_SetInterruptHandler@InterruptHandler               cstackBANK0  000060
IncludeMacCommandsResponse@bIncludeInFopts                cstackBANK0  000063
IncludeMacCommandsResponse@bufferIndex                    cstackBANK0  00006B
IncludeMacCommandsResponse@i                              cstackBANK0  00006A
IncludeMacCommandsResponse@macBuffer                      cstackBANK0  000060
IncludeMacCommandsResponse@pBufferIndex                   cstackBANK0  000062
InitDefault433Channels@i                                  cstackBANK0  00006A
InitDefault868Channels@i                                  cstackBANK0  00006A
LORAWAN_GetMaxPayloadSize@macCommandsLength               cstackBANK0  000069
LORAWAN_GetMaxPayloadSize@result                          cstackBANK0  00006A
LORAWAN_Init@RxJoinResponse                               cstackBANK0  0000AA
LORAWAN_Init@RxPayload                                    cstackBANK0  0000A8
LORAWAN_Join@activationTypeNew                            cstackBANK0  0000E5
LORAWAN_Join@bufferIndex                                  cstackBANK0  0000E3
LORAWAN_Join@result                                       cstackBANK0  0000E4
LORAWAN_LinkCheckConfigure@iCtr                           cstackBANK0  0000A6
LORAWAN_LinkCheckConfigure@period                         cstackBANK0  00009C
LORAWAN_Reset@ismBandNew                                  cstackBANK0  0000A7
LORAWAN_RxDone@buffer                                     cstackBANK1  00016F
LORAWAN_RxDone@bufferIndex                                cstackBANK0  0000EC
LORAWAN_RxDone@bufferLength                               cstackBANK1  000171
LORAWAN_RxDone@channelIndex                               cstackBANK0  0000E6
LORAWAN_RxDone@computedMic                                cstackBANK0  0000F0
LORAWAN_RxDone@extractedMic                               cstackBANK0  0000E8
LORAWAN_RxDone@fPort                                      cstackBANK0  0000E5
LORAWAN_RxDone@frmPayloadLength                           cstackBANK0  0000F6
LORAWAN_RxDone@hdr                                        cstackBANK0  0000F7
LORAWAN_RxDone@joinAccept                                 cstackBANK0  0000F4
LORAWAN_RxDone@mhdr                                       cstackBANK0  0000E7
LORAWAN_RxDone@packet                                     cstackBANK0  0000EE
LORAWAN_RxDone@temp                                       cstackBANK0  0000ED
LORAWAN_RxTimeout@i                                       cstackBANK0  0000BF
LORAWAN_RxTimeout@minim                                   cstackBANK0  0000BB
LORAWAN_Send@buffer                                       cstackBANK1  00016C
LORAWAN_Send@bufferLength                                 cstackBANK1  00016E
LORAWAN_Send@confirmed                                    cstackBANK0  0000DF
LORAWAN_Send@port                                         cstackBANK1  00016B
LORAWAN_Send@result                                       cstackBANK0  0000DE
LORAWAN_SetApplicationSessionKey@applicationSessionKeyNew cstackBANK0  00006A
LORAWAN_SetChannelIdStatus@channelId                      cstackBANK0  000066
LORAWAN_SetChannelIdStatus@statusNew                      cstackBANK0  000064
LORAWAN_SetDeviceAddress@deviceAddressNew                 cstackBANK0  000060
LORAWAN_SetNetworkSessionKey@networkSessionKeyNew         cstackBANK0  00006A
LORAWAN_TxDone@delta                                      cstackBANK0  0000C3
LORAWAN_TxDone@found                                      cstackBANK0  0000C2
LORAWAN_TxDone@i                                          cstackBANK0  0000D3
LORAWAN_TxDone@minim                                      cstackBANK0  0000CF
LORAWAN_TxDone@ticks                                      cstackBANK0  0000CB
LORAWAN_TxDone@timeOnAir                                  cstackBANK0  0000B0
MacExecuteCommands@buffer                                 cstackBANK0  0000A4
MacExecuteCommands@done                                   cstackBANK0  0000A9
MacExecuteCommands@fOptsLen                               cstackBANK0  0000A6
MacExecuteCommands@ptr                                    cstackBANK0  0000AA
PIN_MANAGER_Initialize@state                              cstackBANK0  000062
PL10                                                      text185      003F08
PL100                                                     text149      001B0E
PL102                                                     text33       001D40
PL104                                                     text149      001B22
PL106                                                     text98       002C82
PL108                                                     text33       001D4C
PL110                                                     text56       00074E
PL112                                                     text100      0048B0
PL114                                                     text135      001F3C
PL116                                                     text186      004248
PL118                                                     text203      0038B8
PL12                                                      text76       00430C
PL120                                                     text33       001D58
PL122                                                     text136      00113A
PL124                                                     text56       00076E
PL126                                                     text56       000780
PL128                                                     text56       000792
PL130                                                     text33       001D76
PL132                                                     text99       00437E
PL134                                                     text117      0022F8
PL136                                                     text104      0050C4
PL138                                                     text203      0038D6
PL14                                                      text95       002138
PL140                                                     text99       004388
PL142                                                     text56       0007A4
PL144                                                     text39       004046
PL146                                                     text145      0013D8
PL148                                                     text56       0007B0
PL150                                                     text102      004C9C
PL152                                                     text56       0007CA
PL154                                                     text105      0054D0
PL156                                                     text149      001B42
PL158                                                     text161      005B78
PL16                                                      text95       002146
PL160                                                     text156      0028D8
PL162                                                     text56       0007DA
PL164                                                     text190      004F40
PL166                                                     text140      002ED0
PL168                                                     text111      004D72
PL170                                                     text40       004AFA
PL172                                                     text117      00230A
PL174                                                     text146      0034B0
PL176                                                     text94       0016C6
PL178                                                     text140      002EE6
PL18                                                      text89       003B36
PL180                                                     text107      000D6A
PL182                                                     text89       003B44
PL184                                                     text56       0007E2
PL186                                                     text56       0007F8
PL188                                                     text56       000806
PL190                                                     text99       004394
PL192                                                     text103      00500C
PL194                                                     text39       004060
PL196                                                     text99       0043A2
PL198                                                     text94       0016D2
PL2                                                       text80       002B96
PL20                                                      text107      000CE6
PL200                                                     text146      0034C6
PL202                                                     text203      0038F2
PL204                                                     text71       002784
PL206                                                     text145      0013F2
PL208                                                     text33       001D80
PL210                                                     text98       002CA2
PL212                                                     text94       0016E6
PL214                                                     text203      003906
PL216                                                     text94       0016F2
PL218                                                     text56       000814
PL22                                                      text151      002DA6
PL220                                                     text56       000826
PL222                                                     text56       000838
PL224                                                     text160      0024AC
PL226                                                     text145      0013FC
PL228                                                     text162      00367E
PL230                                                     text149      001B4C
PL232                                                     text149      001B58
PL234                                                     text56       000840
PL236                                                     text165      003834
PL238                                                     text94       001704
PL24                                                      text56       0006BE
PL240                                                     text102      004CB6
PL242                                                     text106      0032E2
PL244                                                     text37       003016
PL246                                                     text99       0043AC
PL248                                                     text106      0032EE
PL250                                                     text140      002EF0
PL252                                                     text122      004DDA
PL254                                                     text54       004624
PL256                                                     text34       003C34
PL258                                                     text56       00084C
PL26                                                      text56       0006CE
PL260                                                     text145      00140C
PL262                                                     text140      002EF8
PL264                                                     text56       000858
PL266                                                     text186      004266
PL268                                                     text80       002BA6
PL270                                                     text40       004B06
PL272                                                     text93       005812
PL274                                                     text55       001938
PL276                                                     text56       000868
PL278                                                     text149      001B64
PL28                                                      text151      002DC8
PL280                                                     text98       002CB4
PL282                                                     text71       002798
PL284                                                     text40       004B10
PL286                                                     text145      001414
PL288                                                     text154      004106
PL290                                                     text149      001B74
PL292                                                     text145      00141C
PL294                                                     text106      0032F8
PL296                                                     text200      005672
PL298                                                     text56       000872
PL30                                                      text59       002A42
PL300                                                     text98       002CC4
PL302                                                     text89       003B4E
PL304                                                     text79       005B22
PL306                                                     text28       0059EC
PL308                                                     text54       004632
PL310                                                     text99       0043B4
PL312                                                     text33       001D92
PL314                                                     text145      00142A
PL316                                                     text56       000880
PL318                                                     text71       0027A6
PL32                                                      text117      0022EE
PL320                                                     text80       002BB0
PL322                                                     text89       003B5A
PL324                                                     text71       0027B0
PL326                                                     text89       003B64
PL328                                                     text145      001434
PL330                                                     text106      003306
PL332                                                     text154      004114
PL334                                                     text135      001F50
PL336                                                     text56       00088A
PL338                                                     text136      00114C
PL34                                                      text56       0006DE
PL340                                                     text7        00375C
PL342                                                     text135      001F5C
PL344                                                     text156      0028F0
PL346                                                     text135      001F68
PL348                                                     text140      002F08
PL350                                                     text136      001158
PL352                                                     text145      001440
PL354                                                     text145      00144A
PL356                                                     text156      0028FC
PL358                                                     text117      002316
PL36                                                      text106      0032C6
PL360                                                     text136      001164
PL362                                                     text98       002CD2
PL364                                                     text190      004F56
PL366                                                     text136      00116E
PL368                                                     text145      001456
PL370                                                     text155      004932
PL372                                                     text145      00145E
PL374                                                     text136      001176
PL376                                                     text135      001F74
PL378                                                     text64       00263C
PL38                                                      text151      002DD6
PL380                                                     text145      001468
PL382                                                     text184      005FE4
PL384                                                     text61       004D1C
PL386                                                     text56       000896
PL388                                                     text201      005FFC
PL390                                                     text68       00311E
PL392                                                     text55       001942
PL394                                                     text95       002156
PL396                                                     text190      004F60
PL398                                                     text145      001472
PL4                                                       text107      000CA2
PL40                                                      text30       0047B6
PL400                                                     text56       0008A0
PL402                                                     text149      001B7C
PL404                                                     text156      002906
PL406                                                     text136      00117C
PL408                                                     text156      002910
PL410                                                     text156      00291A
PL412                                                     text114      0060EA
PL414                                                     text94       001710
PL416                                                     text94       001718
PL418                                                     text135      001F7A
PL42                                                      text56       0006F0
PL420                                                     text55       00194C
PL422                                                     text155      00493A
PL424                                                     text199      0052BC
PL426                                                     text128      004A24
PL428                                                     text56       0008AA
PL430                                                     text117      002320
PL432                                                     text136      001184
PL434                                                     text128      004A2E
PL436                                                     text103      00501A
PL438                                                     text136      00118A
PL44                                                      text151      002DE4
PL440                                                     text89       003B6E
PL442                                                     text136      001192
PL444                                                     text136      001198
PL446                                                     text88       005072
PL448                                                     text36       0033F2
PL450                                                     text56       0008B4
PL452                                                     text95       002160
PL454                                                     text155      004942
PL456                                                     text136      00119E
PL458                                                     text162      00368A
PL46                                                      text37       002FCE
PL460                                                     text137      0039DE
PL48                                                      text55       00192C
PL50                                                      text34       003C08
PL52                                                      text150      003A96
PL54                                                      text107      000CFA
[...]
		___lmul        		CODE           	544A	0000	77

C:\Program Files (x86)\Microchip\xc8\v1.41\sources\common\Umul32.c estimated size: 77

mcc_generated_files/LoRaWAN/lorawan_aes_cmac.c
		_GenerateSubkey		CODE           	33F8	0000	185
		_AESCmac       		CODE           	11A4	0000	565
		_FillSubKey    		CODE           	54E0	0000	75

mcc_generated_files/LoRaWAN/lorawan_aes_cmac.c estimated size: 825

mcc_generated_files/LoRaWAN/radio_driver_SX1276.c
		_RADIO_ReceiveStart		CODE           	2168	0000	391
		_RADIO_Init    		CODE           	2326	0000	391
		_RADIO_SetSpreadingFactor		CODE           	61E2	0000	9
		_RADIO_WriteConfiguration		CODE           	0D72	0000	969
		_RADIO_RxFSKTimeout		CODE           	5964	0000	51
		_RADIO_WriteFSKBitRate		CODE           	4DEA	0000	99
		_RADIO_WriteMode		CODE           	35B6	0000	201
		_RADIO_Reset   		CODE           	5A7E	0000	47
		_RADIO_GetStatus		CODE           	6214	0000	7
		_RADIO_RxDone  		CODE           	3DAE	0000	183
		_RADIO_WriteFSKFrequencyDeviation		CODE           	4EAE	0000	95
		_RADIO_GetPacketSnr		CODE           	620E	0000	7
		_RADIO_SetModulation		CODE           	61EA	0000	9
		_RADIO_RegisterWrite		CODE           	5E62	0000	31
		_RADIO_ReadRandom		CODE           	48D0	0000	99
		_RADIO_ReleaseData		CODE           	621A	0000	7
		_RADIO_FSKPacketSent		CODE           	3228	0000	159
		_RADIO_RegisterRead		CODE           	5CC8	0000	39
		_RADIO_SetBandwidth		CODE           	61F2	0000	9
		_RADIO_ReceiveStop		CODE           	5FBE	0000	25
		_RADIO_DIO0    		CODE           	4BF2	0000	105
		_RADIO_DIO1    		CODE           	5776	0000	59
		_RADIO_DIO2    		CODE           	552A	0000	73
		_RADIO_DIO3    		CODE           	5F8E	0000	25
		_RADIO_DIO4    		CODE           	5F76	0000	25
		_RADIO_DIO5    		CODE           	5F5E	0000	25
		_RADIO_FHSSChangeChannel		CODE           	59F4	0000	47
		_RADIO_TxDone  		CODE           	4504	0000	159
		_RADIO_SetFrequencyHopPeriod		CODE           	61A4	0000	11
		_RADIO_FSKPayloadReady		CODE           	45A2	0000	131
		_RADIO_SetLoRaSyncWord		CODE           	61AE	0000	11
		_RADIO_SetIQInverted		CODE           	6190	0000	11
		_RADIO_SetFSKSyncWord		CODE           	5B30	0000	45
		_RADIO_RxTimeout		CODE           	5AAC	0000	33
		_RADIO_WritePower		CODE           	3918	0000	199
		_RADIO_SetOutputPower		CODE           	61DA	0000	9
		_RADIO_WatchdogTimeout		CODE           	585A	0000	55
		_RADIO_SetChannelFrequency		CODE           	47D6	0000	131
		_RADIO_Transmit		CODE           	1D9C	0000	417
		_RADIO_UnhandledInterrupt		CODE           	5DE4	0000	33
		_RADIO_SetCRC  		CODE           	619A	0000	11
		_RADIO_WriteFrequency		CODE           	3768	0000	205

mcc_generated_files/LoRaWAN/radio_driver_SX1276.c estimated size: 4648

mcc_generated_files/ext_int.c
		_INT3_ISR      		CODE           	6226	0000	7
		_INT0_SetInterruptHandler		CODE           	6264	0000	3
		_INT1_SetInterruptHandler		CODE           	6172	0000	11
		_EXT_INT_Initialize		CODE           	50D2	0000	87
		_INT2_SetInterruptHandler		CODE           	6168	0000	11
		_INT3_SetInterruptHandler		CODE           	615E	0000	11
		_INT1_DefaultInterruptHandler		CODE           	6270	0000	3
		_INT1_CallBack 		CODE           	5EF6	0000	29
		_INT2_DefaultInterruptHandler		CODE           	626E	0000	3
		_INT2_CallBack 		CODE           	5EBC	0000	31
		_INT3_DefaultInterruptHandler		CODE           	626C	0000	3
		_INT3_CallBack 		CODE           	5E9E	0000	31
		_INT1_ISR      		CODE           	6232	0000	7
		_INT2_ISR      		CODE           	622C	0000	7

mcc_generated_files/ext_int.c estimated size: 244

C:\Program Files (x86)\Microchip\xc8\v1.41\sources\common\rand.c
		_srand         		CODE           	6100	0000	15
		_rand          		CODE           	5362	0000	79

C:\Program Files (x86)\Microchip\xc8\v1.41\sources\common\rand.c estimated size: 94

mcc_generated_files/LoRaWAN/tmr_lora_addons.c
		_TMR_ISR_Lora_Init		CODE           	611A	0000	13
		_TMR_ISR_lora  		CODE           	5276	0000	71

mcc_generated_files/LoRaWAN/tmr_lora_addons.c estimated size: 84

shared
		PL12           		CODE           	430C	0000	19
		PL50           		CODE           	3C08	0000	19
		PL8            		CODE           	0CB2	0000	53
		PL268          		CODE           	2BA6	0000	11
		PL458          		CODE           	368A	0000	7
		PL22           		CODE           	2DA6	0000	35
		PL60           		CODE           	06FA	0000	11
		PL178          		CODE           	2EE6	0000	11
		PL368          		CODE           	1456	0000	9
		PL100          		CODE           	1B0E	0000	21
		PL32           		CODE           	22EE	0000	11
		PL70           		CODE           	1AE4	0000	15
		PL278          		CODE           	1B64	0000	17
		PL200          		CODE           	34C6	0000	21
		PL42           		CODE           	06F0	0000	11
		PL80           		CODE           	0D30	0000	11
		PL188          		CODE           	0806	0000	15
		PL378          		CODE           	263C	0000	11
		PL110          		CODE           	074E	0000	33
		PL300          		CODE           	2CC4	0000	15
		PL14           		CODE           	2138	0000	15
		PL52           		CODE           	3A96	0000	15
		PL90           		CODE           	0704	0000	35
		PL288          		CODE           	4106	0000	15
		PL210          		CODE           	2CA2	0000	19
		PL400          		CODE           	08A0	0000	11
		PL24           		CODE           	06BE	0000	17
		PL62           		CODE           	3AA4	0000	11
		PL198          		CODE           	16D2	0000	21
		PL388          		CODE           	5FFC	0000	11
		PL120          		CODE           	1D58	0000	31
		PL310          		CODE           	43B4	0000	15
		PL34           		CODE           	06DE	0000	19
		PL72           		CODE           	1AF2	0000	15
		PL298          		CODE           	0872	0000	15
		PL220          		CODE           	0826	0000	19
		PL410          		CODE           	291A	0000	11
		PL44           		CODE           	2DE4	0000	13
		PL82           		CODE           	2A6C	0000	15
		PL398          		CODE           	1472	0000	11
		PL130          		CODE           	1D76	0000	11
		PL320          		CODE           	2BB0	0000	11
		PL16           		CODE           	2146	0000	17
		PL54           		CODE           	0CFA	0000	55
		PL92           		CODE           	0D5A	0000	17
		PL230          		CODE           	1B4C	0000	13
		PL420          		CODE           	194C	0000	9
		PL26           		CODE           	06CE	0000	17
		PL64           		CODE           	2DF0	0000	11
		_spreadingFactor		MEDIUMCONST    	7F94	0000	8
		PL102          		CODE           	1D40	0000	13
		PL140          		CODE           	4388	0000	13
		PL330          		CODE           	3306	0000	13
		PL36           		CODE           	32C6	0000	29
		PL74           		CODE           	2A5A	0000	19
		PL202          		CODE           	38F2	0000	21
		PL240          		CODE           	4CB6	0000	13
		PL430          		CODE           	2320	0000	7
		PL46           		CODE           	2FCE	0000	53
		PL84           		CODE           	0D3A	0000	17
		_maxPayloadSize		MEDIUMCONST    	7F7D	0000	9
		PL112          		CODE           	48B0	0000	33
		PL302          		CODE           	3B4E	0000	13
		PL150          		CODE           	4C9C	0000	27
		PL340          		CODE           	375C	0000	13
		PL18           		CODE           	3B36	0000	15
		PL56           		CODE           	48A6	0000	11
		PL94           		CODE           	47C6	0000	17
		PL212          		CODE           	16E6	0000	13
		PL402          		CODE           	1B7C	0000	9
		PL250          		CODE           	2EF0	0000	9
		PL440          		CODE           	3B6E	0000	9
		PL28           		CODE           	2DC8	0000	15
		PL66           		CODE           	3C1A	0000	27
		_DefaultChannels433		MEDIUMCONST    	7FA8	0000	43
		PL122          		CODE           	113A	0000	19
		PL312          		CODE           	1D92	0000	11
		PL160          		CODE           	28D8	0000	25
		PL350          		CODE           	1158	0000	13
		PL38           		CODE           	2DD6	0000	15
		PL76           		CODE           	2EAA	0000	39
		PL222          		CODE           	0838	0000	9
		PL412          		CODE           	60EA	0000	9
		PL260          		CODE           	140C	0000	9
		PL450          		CODE           	08B4	0000	9
		PL48           		CODE           	192C	0000	13
		PL86           		CODE           	0D4A	0000	17
		_FskSyncWordBuff		MEDIUMCONST    	7FFC	0000	4
		PL132          		CODE           	437E	0000	11
		PL322          		CODE           	3B5A	0000	11
		PL170          		CODE           	4AFA	0000	13
		PL360          		CODE           	1164	0000	11
		PL58           		CODE           	3002	0000	21
		PL96           		CODE           	0726	0000	21
		PL232          		CODE           	1B58	0000	13
		PL422          		CODE           	493A	0000	9
		PL270          		CODE           	4B06	0000	11
		PL460          		CODE           	39DE	0000	7
		PL68           		CODE           	5AF4	0000	17
		PL104          		CODE           	1B22	0000	33
		PL142          		CODE           	07A4	0000	13
		PL332          		CODE           	4114	0000	13
		PL180          		CODE           	0D6A	0000	9
		PL370          		CODE           	4932	0000	9
		PL78           		CODE           	5ACC	0000	13
		_rxWindowSize  		MEDIUMCONST    	7F85	0000	9
		i2_TMR_SwapTimer		CODE           	563E	0000	53
		i2_TMR1_ReadTimer		CODE           	5E24	0000	33
		PL204          		CODE           	2784	0000	21
		PL242          		CODE           	32E2	0000	13
		PL432          		CODE           	1184	0000	7
		PL280          		CODE           	2CB4	0000	17
		PL88           		CODE           	1B00	0000	15
		PL114          		CODE           	1F3C	0000	21
		PL304          		CODE           	5B22	0000	15
		PL152          		CODE           	07CA	0000	17
		PL342          		CODE           	1F5C	0000	13
		PL190          		CODE           	4394	0000	15
		PL380          		CODE           	1468	0000	11
		PL98           		CODE           	073A	0000	21
		_DefaultChannels868		MEDIUMCONST    	7FD2	0000	43
		PL214          		CODE           	3906	0000	19
		PL404          		CODE           	2906	0000	11
		PL252          		CODE           	4DDA	0000	17
		PL442          		CODE           	1192	0000	7
		PL290          		CODE           	1B74	0000	9
		PL124          		CODE           	076E	0000	19
		PL314          		CODE           	142A	0000	11
		PL162          		CODE           	07DA	0000	9
		PL352          		CODE           	1440	0000	11
		PL390          		CODE           	311E	0000	11
		_macEndDevCmdReplyLen		MEDIUMCONST    	7F9B	0000	8
		__initialization		CODE           	43C2	0000	153
		PL224          		CODE           	24AC	0000	19
		PL414          		CODE           	1710	0000	9
		PL262          		CODE           	2EF8	0000	17
		PL452          		CODE           	2160	0000	9
		PL134          		CODE           	22F8	0000	19
		PL324          		CODE           	27B0	0000	11
		PL172          		CODE           	230A	0000	13
		PL362          		CODE           	2CD2	0000	11
		_txPower868    		MEDIUMCONST    	7FA2	0000	7
		PL234          		CODE           	0840	0000	13
		PL424          		CODE           	52BC	0000	11
		PL272          		CODE           	5812	0000	17
		PL106          		CODE           	2C82	0000	33
		PL144          		CODE           	4046	0000	27
		PL334          		CODE           	1F50	0000	13
		PL182          		CODE           	3B44	0000	11
		PL372          		CODE           	145E	0000	11
		i2_TMR1_WriteTimer		CODE           	5FEE	0000	15
		PL206          		CODE           	13F2	0000	11
		PL244          		CODE           	3016	0000	13
		PL434          		CODE           	4A2E	0000	9
		PL282          		CODE           	2798	0000	15
		PL116          		CODE           	4248	0000	31
		PL306          		CODE           	59EC	0000	9
		PL154          		CODE           	54D0	0000	17
		PL344          		CODE           	28F0	0000	13
		PL192          		CODE           	500C	0000	15
		PL382          		CODE           	5FE4	0000	11
		_rxWindowOffset		MEDIUMCONST    	7F75	0000	9
		PL216          		CODE           	16F2	0000	19
		PL406          		CODE           	117C	0000	9
		PL254          		CODE           	4624	0000	15
		PL444          		CODE           	1198	0000	7
		PL292          		CODE           	141C	0000	15
		PL126          		CODE           	0780	0000	19
		PL316          		CODE           	0880	0000	11
		PL164          		CODE           	4F40	0000	23
		PL354          		CODE           	144A	0000	13
		PL392          		CODE           	1942	0000	11
		PL226          		CODE           	13FC	0000	17
		PL416          		CODE           	1718	0000	9
		PL264          		CODE           	0858	0000	17
		PL454          		CODE           	4942	0000	7
		_STable        		MEDIUMCONST    	7E6D	0000	257
		PL136          		CODE           	50C4	0000	15
		PL326          		CODE           	3B64	0000	11
		PL174          		CODE           	34B0	0000	23
		PL364          		CODE           	4F56	0000	11
		PL236          		CODE           	3834	0000	13
		PL426          		CODE           	4A24	0000	11
		PL274          		CODE           	1938	0000	11
		PL108          		CODE           	1D4C	0000	13
		PL146          		CODE           	13D8	0000	27
		PL336          		CODE           	088A	0000	13
		PL184          		CODE           	07E2	0000	23
		PL374          		CODE           	1176	0000	7
		_modulation    		MEDIUMCONST    	7F6D	0000	9
		PL208          		CODE           	1D80	0000	19
		PL246          		CODE           	43AC	0000	9
		PL436          		CODE           	501A	0000	9
		PL284          		CODE           	4B10	0000	15
		PL118          		CODE           	38B8	0000	31
		PL308          		CODE           	4632	0000	15
		PL156          		CODE           	1B42	0000	11
		PL346          		CODE           	1F68	0000	13
		PL194          		CODE           	4060	0000	21
		PL384          		CODE           	4D1C	0000	11
		PL218          		CODE           	0814	0000	19
		PL408          		CODE           	2910	0000	11
		PL256          		CODE           	3C34	0000	9
		PL446          		CODE           	5072	0000	9
		PL294          		CODE           	32F8	0000	15
		PL128          		CODE           	0792	0000	19
		PL318          		CODE           	27A6	0000	11
		PL166          		CODE           	2ED0	0000	23
		PL356          		CODE           	28FC	0000	11
		PL394          		CODE           	2156	0000	11
		PL228          		CODE           	367E	0000	13
		PL418          		CODE           	1F7A	0000	11
		PL266          		CODE           	4266	0000	17
		PL456          		CODE           	119E	0000	7
		PL138          		CODE           	38D6	0000	29
		PL328          		CODE           	1434	0000	13
		PL176          		CODE           	16C6	0000	13
		PL366          		CODE           	116E	0000	9
		PL2            		CODE           	2B96	0000	17
		PL238          		CODE           	1704	0000	13
		PL428          		CODE           	08AA	0000	11
		PL276          		CODE           	0868	0000	11
		PL148          		CODE           	07B0	0000	27
		PL338          		CODE           	114C	0000	13
		PL186          		CODE           	07F8	0000	15
		PL376          		CODE           	1F74	0000	7
		i2_SwTimersInterrupt		CODE           	4120	0000	173
		PL10           		CODE           	3F08	0000	17
		PL4            		CODE           	0CA2	0000	17
		_bandwidth     		MEDIUMCONST    	7F8D	0000	8
		PL248          		CODE           	32EE	0000	11
		PL438          		CODE           	118A	0000	9
		PL286          		CODE           	1414	0000	9
		PL20           		CODE           	0CE6	0000	21
		PL158          		CODE           	5B78	0000	17
		PL348          		CODE           	2F08	0000	13
		PL196          		CODE           	43A2	0000	11
		PL386          		CODE           	0896	0000	11
		PL30           		CODE           	2A42	0000	25
		PL6            		CODE           	42FC	0000	17
		i2_TMR_GetDeltaTime		CODE           	3840	0000	121
		PL258          		CODE           	084C	0000	13
		PL448          		CODE           	33F2	0000	7
		PL296          		CODE           	5672	0000	15
		PL40           		CODE           	47B6	0000	17
		PL168          		CODE           	4D72	0000	23
		PL358          		CODE           	2316	0000	11
		PL396          		CODE           	4F60	0000	11

shared estimated size: 4506

mcc_generated_files/LoRaWAN/lorawan_eu.c
		_ExecuteNewChannel		CODE           	2646	0000	319
		_ExecuteLinkAdr		CODE           	2A7A	0000	285
		_UpdateDataRange		CODE           	4276	0000	135
		_UpdateDutyCycle		CODE           	5AD8	0000	29
		_ValidateChannelMaskCntl		CODE           	5FA6	0000	25
		_LORAWAN_RxTimeout		CODE           	1720	0000	525
		_ValidateChannelId		CODE           	5E44	0000	31
		_InitDefault433Channels		CODE           	4F0C	0000	53
		_DutyCycleCallback		CODE           	1B84	0000	445
		_InitDefault868Channels		CODE           	57B0	0000	59
		_SelectChannelForTransmission		CODE           	4D88	0000	83
		_ValidateChannelMask		CODE           	5A50	0000	47
		_ValidateDataRate		CODE           	6072	0000	21
		_ValidateRxOffset		CODE           	605E	0000	21
		_ValidateDataRange		CODE           	58FC	0000	53
		_SetCallbackSoftwareTimers		CODE           	4074	0000	147
		_StartReTxTimer		CODE           	34DA	0000	221
		_SearchAvailableChannel		CODE           	3F18	0000	177
		_EnableChannels		CODE           	6032	0000	23
		_UpdateFrequency		CODE           	5C56	0000	39
		_ValidateFrequency		CODE           	4F6A	0000	93
		_EnableChannels1		CODE           	5022	0000	81
		_ExecuteRxParamSetupReq		CODE           	3022	0000	253
		_UpdateDLSettings		CODE           	5F12	0000	27
		_GetRx1Freq    		CODE           	60AC	0000	19
		_ValidateTxPower		CODE           	5D80	0000	35
		_LORAWAN_Init  		CODE           	53FE	0000	77
		_ConfigureRadioTx		CODE           	55FC	0000	67
		_LORAWAN_Reset 		CODE           	27BA	0000	287
		_ExecuteDutyCycle		CODE           	5314	0000	79
		_UpdateCfList  		CODE           	2924	0000	287
		_LORAWAN_SetChannelIdStatus		CODE           	5A22	0000	47
		_StopAllSoftwareTimers		CODE           	53B0	0000	79
		_UpdateChannelIdStatus		CODE           	3AAE	0000	137
		_ConfigureRadio		CODE           	49C0	0000	101
		_LORAWAN_TxDone		CODE           	08BC	0000	999
		_ExecuteDevStatus		CODE           	617C	0000	11
		_CreateAllSoftwareTimers		CODE           	5224	0000	83

mcc_generated_files/LoRaWAN/lorawan_eu.c estimated size: 5500

C:\Program Files (x86)\Microchip\xc8\v1.41\sources\common\lwmod.c
		___lwmod       		CODE           	56BE	0000	63

C:\Program Files (x86)\Microchip\xc8\v1.41\sources\common\lwmod.c estimated size: 63

mcc_generated_files/mcc.c
		_OSCILLATOR_Initialize		CODE           	609A	0000	19
		_SYSTEM_Initialize		CODE           	5EDA	0000	29

mcc_generated_files/mcc.c estimated size: 48

C:\Program Files (x86)\Microchip\xc8\v1.41\sources\common\llmod.c
		___llmod       		CODE           	4E4C	0000	99

C:\Program Files (x86)\Microchip\xc8\v1.41\sources\common\llmod.c estimated size: 99

C:\Program Files (x86)\Microchip\xc8\v1.41\sources\common\memset.c
		_memset        		CODE           	5BDE	0000	43

C:\Program Files (x86)\Microchip\xc8\v1.41\sources\common\memset.c estimated size: 43

mcc_generated_files/tmr1.c
		_TMR1_Initialize		CODE           	55B8	0000	69
		_TMR1_SetInterruptHandler		CODE           	614A	0000	11
		_TMR1_DefaultInterruptHandler		CODE           	6268	0000	3
		_TMR1_CallBack 		CODE           	5E80	0000	31
		_TMR1_WriteTimer		CODE           	5FD6	0000	15
		_TMR1_StartTimer		CODE           	6238	0000	5
		_TMR1_ReadTimer		CODE           	5E04	0000	33
		_TMR1_ISR      		CODE           	5D5C	0000	37

mcc_generated_files/tmr1.c estimated size: 204

mcc_generated_files/LoRaWAN/AES.c
		_AESEncode     		CODE           	1954	0000	401
		_EncKeySchedule		CODE           	2CDC	0000	203
		_EncodeShiftRow		CODE           	39E4	0000	179

mcc_generated_files/LoRaWAN/AES.c estimated size: 783

mcc_generated_files/spi2.c
		_SPI2_Exchange8bit		CODE           	60BE	0000	19
		_SPI2_Initialize		CODE           	610E	0000	13

mcc_generated_files/spi2.c estimated size: 32

main.c
		_sendPacket    		CODE           	5D14	0000	37
		_main          		CODE           	3C3C	0000	187
		_flash         		CODE           	52C6	0000	79
		_RxJoinResponse		CODE           	6208	0000	7
		_RxDataDone    		CODE           	6266	0000	3

main.c estimated size: 313

